Java HotSpot(TM) 64-Bit Server VM (25.231-b11) for windows-amd64 JRE (1.8.0_231-b11), built on Oct  5 2019 03:11:30 by "java_re" with MS VC++ 10.0 (VS2010)
Memory: 4k page, physical 16539104k(9648856k free), swap 25976288k(12047920k free)
CommandLine flags: -XX:InitialHeapSize=2147483648 -XX:MaxHeapSize=2147483648 -XX:+PrintGC -XX:+PrintGCDateStamps -XX:+PrintGCDetails -XX:+PrintGCTimeStamps -XX:+UseCompressedClassPointers -XX:+UseCompressedOops -XX:+UseG1GC -XX:-UseLargePagesIndividualAllocation 
2020-08-19T14:38:14.663+0530: 4.343: [GC pause (G1 Humongous Allocation) (young) (initial-mark), 0.0034294 secs]
   [Parallel Time: 0.9 ms, GC Workers: 8]
      [GC Worker Start (ms): Min: 4342.9, Avg: 4343.1, Max: 4343.1, Diff: 0.3]
      [Ext Root Scanning (ms): Min: 0.0, Avg: 0.2, Max: 0.5, Diff: 0.5, Sum: 1.7]
      [Update RS (ms): Min: 0.0, Avg: 0.0, Max: 0.0, Diff: 0.0, Sum: 0.0]
         [Processed Buffers: Min: 0, Avg: 0.0, Max: 0, Diff: 0, Sum: 0]
      [Scan RS (ms): Min: 0.0, Avg: 0.0, Max: 0.0, Diff: 0.0, Sum: 0.0]
      [Code Root Scanning (ms): Min: 0.0, Avg: 0.0, Max: 0.0, Diff: 0.0, Sum: 0.0]
      [Object Copy (ms): Min: 0.0, Avg: 0.2, Max: 0.3, Diff: 0.3, Sum: 1.9]
      [Termination (ms): Min: 0.0, Avg: 0.0, Max: 0.1, Diff: 0.1, Sum: 0.3]
         [Termination Attempts: Min: 1, Avg: 2.1, Max: 6, Diff: 5, Sum: 17]
      [GC Worker Other (ms): Min: 0.0, Avg: 0.1, Max: 0.1, Diff: 0.1, Sum: 0.5]
      [GC Worker Total (ms): Min: 0.5, Avg: 0.5, Max: 0.7, Diff: 0.3, Sum: 4.4]
      [GC Worker End (ms): Min: 4343.6, Avg: 4343.6, Max: 4343.6, Diff: 0.0]
   [Code Root Fixup: 0.0 ms]
   [Code Root Purge: 0.0 ms]
   [Clear CT: 1.3 ms]
   [Other: 1.2 ms]
      [Choose CSet: 0.0 ms]
      [Ref Proc: 0.1 ms]
      [Ref Enq: 0.0 ms]
      [Redirty Cards: 0.8 ms]
      [Humongous Register: 0.1 ms]
      [Humongous Reclaim: 0.0 ms]
      [Free CSet: 0.0 ms]
   [Eden: 1024.0K(102.0M)->0.0B(101.0M) Survivors: 0.0B->1024.0K Heap: 577.3M(2048.0M)->576.7M(2048.0M)]
 [Times: user=0.06 sys=0.00, real=0.00 secs] 
2020-08-19T14:38:14.667+0530: 4.346: [GC concurrent-root-region-scan-start]
2020-08-19T14:38:14.667+0530: 4.347: [GC concurrent-root-region-scan-end, 0.0008663 secs]
2020-08-19T14:38:14.667+0530: 4.347: [GC concurrent-mark-start]
2020-08-19T14:38:14.668+0530: 4.348: [GC concurrent-mark-end, 0.0006076 secs]
2020-08-19T14:38:14.669+0530: 4.348: [GC remark 2020-08-19T14:38:14.669+0530: 4.348: [Finalize Marking, 0.0001672 secs] 2020-08-19T14:38:14.669+0530: 4.349: [GC ref-proc, 0.0000670 secs] 2020-08-19T14:38:14.669+0530: 4.349: [Unloading, 0.0007429 secs], 0.0023584 secs]
 [Times: user=0.00 sys=0.00, real=0.00 secs] 
2020-08-19T14:38:14.671+0530: 4.351: [GC cleanup 582M->582M(2048M), 0.0013955 secs]
 [Times: user=0.00 sys=0.00, real=0.00 secs] 
2020-08-19T14:38:31.949+0530: 21.629: [GC pause (G1 Humongous Allocation) (young) (to-space exhausted), 0.0101838 secs]
   [Parallel Time: 5.3 ms, GC Workers: 8]
      [GC Worker Start (ms): Min: 21629.8, Avg: 21629.9, Max: 21630.1, Diff: 0.3]
      [Ext Root Scanning (ms): Min: 0.0, Avg: 1.0, Max: 5.0, Diff: 5.0, Sum: 7.9]
      [Update RS (ms): Min: 0.0, Avg: 0.0, Max: 0.0, Diff: 0.0, Sum: 0.0]
         [Processed Buffers: Min: 0, Avg: 0.0, Max: 0, Diff: 0, Sum: 0]
      [Scan RS (ms): Min: 0.0, Avg: 0.0, Max: 0.0, Diff: 0.0, Sum: 0.0]
      [Code Root Scanning (ms): Min: 0.0, Avg: 0.0, Max: 0.3, Diff: 0.3, Sum: 0.3]
      [Object Copy (ms): Min: 0.0, Avg: 2.1, Max: 3.5, Diff: 3.5, Sum: 16.9]
      [Termination (ms): Min: 0.0, Avg: 1.7, Max: 2.6, Diff: 2.6, Sum: 13.4]
         [Termination Attempts: Min: 1, Avg: 1.0, Max: 1, Diff: 0, Sum: 8]
      [GC Worker Other (ms): Min: 0.0, Avg: 0.0, Max: 0.0, Diff: 0.0, Sum: 0.0]
      [GC Worker Total (ms): Min: 4.7, Avg: 4.8, Max: 5.0, Diff: 0.3, Sum: 38.5]
      [GC Worker End (ms): Min: 21634.8, Avg: 21634.8, Max: 21634.8, Diff: 0.0]
   [Code Root Fixup: 0.0 ms]
   [Code Root Purge: 0.0 ms]
   [Clear CT: 0.9 ms]
   [Other: 4.0 ms]
      [Evacuation Failure: 1.9 ms]
      [Choose CSet: 0.0 ms]
      [Ref Proc: 0.8 ms]
      [Ref Enq: 0.0 ms]
      [Redirty Cards: 0.8 ms]
      [Humongous Register: 0.3 ms]
      [Humongous Reclaim: 0.2 ms]
      [Free CSet: 0.0 ms]
   [Eden: 1024.0K(101.0M)->0.0B(102.0M) Survivors: 1024.0K->0.0B Heap: 1279.7M(2048.0M)->1279.7M(2048.0M)]
 [Times: user=0.00 sys=0.00, real=0.01 secs] 
2020-08-19T14:38:31.960+0530: 21.640: [Full GC (Allocation Failure)  1279M->1279M(2048M), 0.0140045 secs]
   [Eden: 0.0B(102.0M)->0.0B(102.0M) Survivors: 0.0B->0.0B Heap: 1279.7M(2048.0M)->1279.1M(2048.0M)], [Metaspace: 2522K->2522K(1056768K)]
 [Times: user=0.00 sys=0.00, real=0.01 secs] 
2020-08-19T14:38:31.974+0530: 21.654: [Full GC (Allocation Failure)  1279M->1279M(2048M), 0.0111834 secs]
   [Eden: 0.0B(102.0M)->0.0B(102.0M) Survivors: 0.0B->0.0B Heap: 1279.1M(2048.0M)->1279.1M(2048.0M)], [Metaspace: 2522K->2522K(1056768K)]
 [Times: user=0.01 sys=0.00, real=0.01 secs] 
Heap
 garbage-first heap   total 2097152K, used 1309748K [0x0000000080000000, 0x0000000080104000, 0x0000000100000000)
  region size 1024K, 1 young (1024K), 0 survivors (0K)
 Metaspace       used 2553K, capacity 4494K, committed 4864K, reserved 1056768K
  class space    used 276K, capacity 386K, committed 512K, reserved 1048576K
